--------------------------------------------------------------------------------
Release 14.6 Trace  (nt64)
Copyright (c) 1995-2013 Xilinx, Inc.  All rights reserved.

C:\Xilinx\14.6\ISE_DS\ISE\bin\nt64\unwrapped\trce.exe -intstyle ise -v 3 -s 2
-n 3 -fastpaths -xml top.twx top.ncd -o top.twr top.pcf

Design file:              top.ncd
Physical constraint file: top.pcf
Device,package,speed:     xc6slx45,fgg676,C,-2 (PRODUCTION 1.23 2013-06-08)
Report level:             verbose report

Environment Variable      Effect 
--------------------      ------ 
NONE                      No environment variables were set
--------------------------------------------------------------------------------

INFO:Timing:2698 - No timing constraints found, doing default enumeration.
INFO:Timing:3412 - To improve timing, see the Timing Closure User Guide (UG612).
INFO:Timing:2752 - To get complete path coverage, use the unconstrained paths 
   option. All paths that are not constrained will be reported in the 
   unconstrained paths section(s) of the report.
INFO:Timing:3339 - The clock-to-out numbers in this timing report are based on 
   a 50 Ohm transmission line loading model.  For the details of this model, 
   and for more information on accounting for different loading conditions, 
   please see the device datasheet.



Data Sheet report:
-----------------
All values displayed in nanoseconds (ns)

Setup/Hold to clock clk_i
------------+------------+------------+------------+------------+---------------------+--------+
            |Max Setup to|  Process   |Max Hold to |  Process   |                     | Clock  |
Source      | clk (edge) |   Corner   | clk (edge) |   Corner   |Internal Clock(s)    | Phase  |
------------+------------+------------+------------+------------+---------------------+--------+
reset_n_i   |    4.412(R)|      SLOW  |   -2.117(R)|      SLOW  |vga_top_i/vga_i/clk_s|   0.000|
------------+------------+------------+------------+------------+---------------------+--------+

Clock clk_i to Pad
------------+-----------------+------------+-----------------+------------+---------------------+--------+
            |Max (slowest) clk|  Process   |Min (fastest) clk|  Process   |                     | Clock  |
Destination |  (edge) to PAD  |   Corner   |  (edge) to PAD  |   Corner   |Internal Clock(s)    | Phase  |
------------+-----------------+------------+-----------------+------------+---------------------+--------+
blank_o     |        13.579(R)|      SLOW  |         6.022(R)|      FAST  |vga_top_i/vga_i/clk_s|   0.000|
blue_o<0>   |        15.342(R)|      SLOW  |         7.031(R)|      FAST  |vga_top_i/vga_i/clk_s|   0.000|
blue_o<1>   |        15.526(R)|      SLOW  |         7.129(R)|      FAST  |vga_top_i/vga_i/clk_s|   0.000|
blue_o<2>   |        14.368(R)|      SLOW  |         6.522(R)|      FAST  |vga_top_i/vga_i/clk_s|   0.000|
blue_o<3>   |        15.560(R)|      SLOW  |         7.178(R)|      FAST  |vga_top_i/vga_i/clk_s|   0.000|
blue_o<4>   |        14.828(R)|      SLOW  |         6.760(R)|      FAST  |vga_top_i/vga_i/clk_s|   0.000|
blue_o<5>   |        14.573(R)|      SLOW  |         6.651(R)|      FAST  |vga_top_i/vga_i/clk_s|   0.000|
blue_o<6>   |        15.628(R)|      SLOW  |         7.231(R)|      FAST  |vga_top_i/vga_i/clk_s|   0.000|
blue_o<7>   |        15.469(R)|      SLOW  |         7.072(R)|      FAST  |vga_top_i/vga_i/clk_s|   0.000|
green_o<0>  |        16.404(R)|      SLOW  |         7.428(R)|      FAST  |vga_top_i/vga_i/clk_s|   0.000|
green_o<1>  |        15.579(R)|      SLOW  |         7.324(R)|      FAST  |vga_top_i/vga_i/clk_s|   0.000|
green_o<2>  |        15.854(R)|      SLOW  |         7.522(R)|      FAST  |vga_top_i/vga_i/clk_s|   0.000|
green_o<3>  |        15.444(R)|      SLOW  |         7.264(R)|      FAST  |vga_top_i/vga_i/clk_s|   0.000|
green_o<4>  |        15.773(R)|      SLOW  |         7.290(R)|      FAST  |vga_top_i/vga_i/clk_s|   0.000|
green_o<5>  |        15.142(R)|      SLOW  |         7.070(R)|      FAST  |vga_top_i/vga_i/clk_s|   0.000|
green_o<6>  |        15.927(R)|      SLOW  |         7.373(R)|      FAST  |vga_top_i/vga_i/clk_s|   0.000|
green_o<7>  |        14.614(R)|      SLOW  |         6.667(R)|      FAST  |vga_top_i/vga_i/clk_s|   0.000|
pix_clock_o |        12.109(R)|      SLOW  |         5.212(R)|      FAST  |vga_top_i/vga_i/clk_s|   0.000|
            |        12.047(F)|      SLOW  |         5.146(F)|      FAST  |vga_top_i/vga_i/clk_s|   0.000|
psave_o     |        12.695(R)|      SLOW  |         5.585(R)|      FAST  |vga_top_i/vga_i/clk_s|   0.000|
red_o<0>    |        17.130(R)|      SLOW  |         8.210(R)|      FAST  |vga_top_i/vga_i/clk_s|   0.000|
red_o<1>    |        17.314(R)|      SLOW  |         8.333(R)|      FAST  |vga_top_i/vga_i/clk_s|   0.000|
red_o<2>    |        17.031(R)|      SLOW  |         8.151(R)|      FAST  |vga_top_i/vga_i/clk_s|   0.000|
red_o<3>    |        16.862(R)|      SLOW  |         8.082(R)|      FAST  |vga_top_i/vga_i/clk_s|   0.000|
red_o<4>    |        17.051(R)|      SLOW  |         8.182(R)|      FAST  |vga_top_i/vga_i/clk_s|   0.000|
red_o<5>    |        16.586(R)|      SLOW  |         7.828(R)|      FAST  |vga_top_i/vga_i/clk_s|   0.000|
red_o<6>    |        16.453(R)|      SLOW  |         7.781(R)|      FAST  |vga_top_i/vga_i/clk_s|   0.000|
red_o<7>    |        16.453(R)|      SLOW  |         7.781(R)|      FAST  |vga_top_i/vga_i/clk_s|   0.000|
sync_o      |        13.787(R)|      SLOW  |         6.147(R)|      FAST  |vga_top_i/vga_i/clk_s|   0.000|
vga_hsync_o |        13.927(R)|      SLOW  |         6.294(R)|      FAST  |vga_top_i/vga_i/clk_s|   0.000|
vga_vsync_o |        13.754(R)|      SLOW  |         6.207(R)|      FAST  |vga_top_i/vga_i/clk_s|   0.000|
------------+-----------------+------------+-----------------+------------+---------------------+--------+

Clock to Setup on destination clock clk_i
---------------+---------+---------+---------+---------+
               | Src:Rise| Src:Fall| Src:Rise| Src:Fall|
Source Clock   |Dest:Rise|Dest:Rise|Dest:Fall|Dest:Fall|
---------------+---------+---------+---------+---------+
clk_i          |   10.878|         |         |         |
---------------+---------+---------+---------+---------+


Analysis completed Wed Mar 22 11:33:58 2017 
--------------------------------------------------------------------------------

Trace Settings:
-------------------------
Trace Settings 

Peak Memory Usage: 265 MB



